{
    "samples": [
        {
            "clientInput": {
                "tag": "Contest"
            },
            "tag": "ClientEvent"
        },
        {
            "chainEvent": {
                "contents": "1864-05-06T19:00:31.250620337727Z",
                "tag": "Tick"
            },
            "tag": "OnChainEvent"
        },
        {
            "message": {
                "party": {
                    "vkey": "9bc95f967b16b1ed3426d88a0cddd644cdbef0e2a44d5adf301e0d92a85488e2"
                },
                "signed": "a1788b1260e7d73b2f62e9d8b1d7611ec66b76686a2acd5135da75a35ed7057ac92d1cb2d5b5a5e430e49c3711833a235261297955ed63f7c43aebe34c04cf0e",
                "snapshotNumber": 17,
                "tag": "AckSn"
            },
            "tag": "NetworkEvent",
            "ttl": 4
        },
        {
            "postChainTx": {
                "tag": "CollectComTx",
                "utxo": [
                    -26,
                    -19,
                    -2,
                    3,
                    12,
                    13,
                    25
                ]
            },
            "postTxError": {
                "tag": "NoSeedInput"
            },
            "tag": "PostTxError"
        },
        {
            "clientInput": {
                "tag": "Contest"
            },
            "tag": "ClientEvent"
        }
    ],
    "seed": -598190335
}